agents/dba.md	1	0	0
agents/developer.md	0	0	0
agents/research.md	2	1	0
agents/reviewer.md	1	0	0
agents/tester.md	2	0	0
commands/bugfix.md	3	1	0
commands/lint.md	6	0	0
commands/workflow.md	16	27	2
skills/analyst/SKILL.md	2	1	1
skills/architect/SKILL.md	4	0	0
skills/_detect-project-context.md	0	0	0
skills/_progress-content-policy.md	3	0	0
